2025-10-13 06:09:18,464 - INFO - Log file for this run: H:\Crime_Detection\crime_detection_model\logs\batch_predict_log_20251013_060918.log
2025-10-13 06:09:18,464 - INFO - Starting batch prediction on directory: H:\Crime_Detection\Testing\Videos
2025-10-13 06:09:18,467 - INFO - Processing all 800 videos found.
2025-10-13 06:09:18,467 - INFO - --- Processing: A.Beautiful.Mind.2001__#00-25-20_00-29-20_label_A.mp4 ---
2025-10-13 06:09:18,664 - INFO - Successfully processed A.Beautiful.Mind.2001__#00-25-20_00-29-20_label_A.mp4. Top Prediction: Normal
2025-10-13 06:09:18,664 - INFO - --- Processing: A.Beautiful.Mind.2001__#00-40-52_00-42-01_label_A.mp4 ---
2025-10-13 06:09:18,685 - INFO - Successfully processed A.Beautiful.Mind.2001__#00-40-52_00-42-01_label_A.mp4. Top Prediction: Normal
2025-10-13 06:09:18,685 - INFO - --- Processing: A.Beautiful.Mind.2001__#00-50-26_00-55-16_label_A.mp4 ---
2025-10-13 06:09:18,700 - INFO - Successfully processed A.Beautiful.Mind.2001__#00-50-26_00-55-16_label_A.mp4. Top Prediction: Normal
2025-10-13 06:09:18,700 - INFO - --- Processing: A.Beautiful.Mind.2001__#01-14-30_01-16-59_label_A.mp4 ---
2025-10-13 06:09:18,718 - INFO - Successfully processed A.Beautiful.Mind.2001__#01-14-30_01-16-59_label_A.mp4. Top Prediction: Normal
2025-10-13 06:09:18,718 - INFO - --- Processing: About.Time.2013__#00-23-50_00-24-31_label_A.mp4 ---
2025-10-13 06:09:18,729 - INFO - Successfully processed About.Time.2013__#00-23-50_00-24-31_label_A.mp4. Top Prediction: Normal
2025-10-13 06:09:18,729 - INFO - --- Processing: About.Time.2013__#00-30-50_00-32-31_label_A.mp4 ---
2025-10-13 06:09:18,753 - INFO - Successfully processed About.Time.2013__#00-30-50_00-32-31_label_A.mp4. Top Prediction: Normal
2025-10-13 06:09:18,753 - INFO - --- Processing: About.Time.2013__#00-40-52_00-42-31_label_A.mp4 ---
2025-10-13 06:09:18,764 - INFO - Successfully processed About.Time.2013__#00-40-52_00-42-31_label_A.mp4. Top Prediction: Normal
2025-10-13 06:09:18,764 - INFO - --- Processing: Bad.Boys.1995__#00-10-00_00-11-52_label_A.mp4 ---
2025-10-13 06:09:18,790 - INFO - Successfully processed Bad.Boys.1995__#00-10-00_00-11-52_label_A.mp4. Top Prediction: Fighting
2025-10-13 06:09:18,790 - INFO - --- Processing: Bad.Boys.1995__#01-11-55_01-12-40_label_G-B2-B6.mp4 ---
2025-10-13 06:09:18,806 - INFO - Successfully processed Bad.Boys.1995__#01-11-55_01-12-40_label_G-B2-B6.mp4. Top Prediction: Explosion
2025-10-13 06:09:18,806 - INFO - --- Processing: Bad.Boys.1995__#01-33-51_01-34-37_label_B2-0-0.mp4 ---
2025-10-13 06:09:18,829 - INFO - Successfully processed Bad.Boys.1995__#01-33-51_01-34-37_label_B2-0-0.mp4. Top Prediction: Shooting
2025-10-13 06:09:18,829 - INFO - --- Processing: Bad.Boys.II.2003__#00-06-42_00-10-00_label_B2-G-0.mp4 ---
2025-10-13 06:09:18,846 - INFO - Successfully processed Bad.Boys.II.2003__#00-06-42_00-10-00_label_B2-G-0.mp4. Top Prediction: Explosion
2025-10-13 06:09:18,846 - INFO - --- Processing: Bad.Boys.II.2003__#01-11-16_01-14-00_label_A.mp4 ---
2025-10-13 06:09:18,863 - INFO - Successfully processed Bad.Boys.II.2003__#01-11-16_01-14-00_label_A.mp4. Top Prediction: Normal
2025-10-13 06:09:18,863 - INFO - --- Processing: Be.with.You.2018__#00-04-20_00-05-35_label_A.mp4 ---
2025-10-13 06:09:18,879 - INFO - Successfully processed Be.with.You.2018__#00-04-20_00-05-35_label_A.mp4. Top Prediction: Normal
2025-10-13 06:09:18,880 - INFO - --- Processing: Be.with.You.2018__#00-16-18_00-18-09_label_A.mp4 ---
2025-10-13 06:09:18,898 - INFO - Successfully processed Be.with.You.2018__#00-16-18_00-18-09_label_A.mp4. Top Prediction: Fighting
2025-10-13 06:09:18,898 - INFO - --- Processing: Be.with.You.2018__#00-23-50_00-24-31_label_A.mp4 ---
2025-10-13 06:09:18,911 - INFO - Successfully processed Be.with.You.2018__#00-23-50_00-24-31_label_A.mp4. Top Prediction: Fighting
2025-10-13 06:09:18,911 - INFO - --- Processing: Be.with.You.2018__#01-14-30_01-16-59_label_A.mp4 ---
2025-10-13 06:09:18,931 - INFO - Successfully processed Be.with.You.2018__#01-14-30_01-16-59_label_A.mp4. Top Prediction: Normal
2025-10-13 06:09:18,931 - INFO - --- Processing: Be.with.You.2018__#01-42-06_01-45-53_label_A.mp4 ---
2025-10-13 06:09:18,953 - INFO - Successfully processed Be.with.You.2018__#01-42-06_01-45-53_label_A.mp4. Top Prediction: Normal
2025-10-13 06:09:18,953 - INFO - --- Processing: Before.Sunrise.1995__#00-03-00_00-04-05_label_A.mp4 ---
2025-10-13 06:09:18,968 - INFO - Successfully processed Before.Sunrise.1995__#00-03-00_00-04-05_label_A.mp4. Top Prediction: Normal
2025-10-13 06:09:18,968 - INFO - --- Processing: Before.Sunrise.1995__#00-04-20_00-05-35_label_A.mp4 ---
2025-10-13 06:09:18,988 - INFO - Successfully processed Before.Sunrise.1995__#00-04-20_00-05-35_label_A.mp4. Top Prediction: Normal
2025-10-13 06:09:18,989 - INFO - --- Processing: Before.Sunrise.1995__#00-23-50_00-24-31_label_A.mp4 ---
2025-10-13 06:09:19,006 - INFO - Successfully processed Before.Sunrise.1995__#00-23-50_00-24-31_label_A.mp4. Top Prediction: Normal
2025-10-13 06:09:19,006 - INFO - --- Processing: Before.Sunrise.1995__#00-40-52_00-42-01_label_A.mp4 ---
2025-10-13 06:09:19,030 - INFO - Successfully processed Before.Sunrise.1995__#00-40-52_00-42-01_label_A.mp4. Top Prediction: Normal
2025-10-13 06:09:19,030 - INFO - --- Processing: Before.Sunrise.1995__#00-42-52_00-45-31_label_A.mp4 ---
2025-10-13 06:09:19,043 - INFO - Successfully processed Before.Sunrise.1995__#00-42-52_00-45-31_label_A.mp4. Top Prediction: Normal
2025-10-13 06:09:19,043 - INFO - --- Processing: Before.Sunrise.1995__#01-36-45_01-38-10_label_A.mp4 ---
2025-10-13 06:09:19,072 - INFO - Successfully processed Before.Sunrise.1995__#01-36-45_01-38-10_label_A.mp4. Top Prediction: Normal
2025-10-13 06:09:19,072 - INFO - --- Processing: Before.Sunset.2004__#00-23-50_00-24-31_label_A.mp4 ---
2025-10-13 06:09:19,089 - INFO - Successfully processed Before.Sunset.2004__#00-23-50_00-24-31_label_A.mp4. Top Prediction: Normal
2025-10-13 06:09:19,089 - INFO - --- Processing: Before.Sunset.2004__#01-14-30_01-16-51_label_A.mp4 ---
2025-10-13 06:09:19,107 - INFO - Successfully processed Before.Sunset.2004__#01-14-30_01-16-51_label_A.mp4. Top Prediction: Normal
2025-10-13 06:09:19,107 - INFO - --- Processing: Black.Hawk.Down.2001__#00-06-44_00-07-39_label_A.mp4 ---
2025-10-13 06:09:19,129 - INFO - Successfully processed Black.Hawk.Down.2001__#00-06-44_00-07-39_label_A.mp4. Top Prediction: Normal
2025-10-13 06:09:19,129 - INFO - --- Processing: Black.Hawk.Down.2001__#01-13-59_01-14-49_label_B2-0-0.mp4 ---
2025-10-13 06:09:19,147 - INFO - Successfully processed Black.Hawk.Down.2001__#01-13-59_01-14-49_label_B2-0-0.mp4. Top Prediction: Shooting
2025-10-13 06:09:19,147 - INFO - --- Processing: Black.Hawk.Down.2001__#01-32-40_01-34-00_label_B4-0-0.mp4 ---
2025-10-13 06:09:19,165 - INFO - Successfully processed Black.Hawk.Down.2001__#01-32-40_01-34-00_label_B4-0-0.mp4. Top Prediction: Explosion
2025-10-13 06:09:19,165 - INFO - --- Processing: Black.Hawk.Down.2001__#01-36-44_01-37-33_label_A.mp4 ---
2025-10-13 06:09:19,182 - INFO - Successfully processed Black.Hawk.Down.2001__#01-36-44_01-37-33_label_A.mp4. Top Prediction: Fighting
2025-10-13 06:09:19,182 - INFO - --- Processing: Black.Hawk.Down.2001__#01-42-58_01-43-58_label_G-0-0.mp4 ---
2025-10-13 06:09:19,196 - INFO - Successfully processed Black.Hawk.Down.2001__#01-42-58_01-43-58_label_G-0-0.mp4. Top Prediction: Explosion
2025-10-13 06:09:19,196 - INFO - --- Processing: Black.Hawk.Down.2001__#02-00-12_02-01-29_label_B2-0-0.mp4 ---
2025-10-13 06:09:19,218 - INFO - Successfully processed Black.Hawk.Down.2001__#02-00-12_02-01-29_label_B2-0-0.mp4. Top Prediction: Shooting
2025-10-13 06:09:19,218 - INFO - --- Processing: Braveheart.1995__#00-56-30_00-57-20_label_B1-0-0.mp4 ---
2025-10-13 06:09:19,230 - INFO - Successfully processed Braveheart.1995__#00-56-30_00-57-20_label_B1-0-0.mp4. Top Prediction: Fighting
2025-10-13 06:09:19,230 - INFO - --- Processing: Braveheart.1995__#01-26-50_01-32-30_label_B1-0-0.mp4 ---
2025-10-13 06:09:19,253 - INFO - Successfully processed Braveheart.1995__#01-26-50_01-32-30_label_B1-0-0.mp4. Top Prediction: Fighting
2025-10-13 06:09:19,253 - INFO - --- Processing: Braveheart.1995__#02-05-34_02-06-40_label_B1-0-0.mp4 ---
2025-10-13 06:09:19,268 - INFO - Successfully processed Braveheart.1995__#02-05-34_02-06-40_label_B1-0-0.mp4. Top Prediction: Car Accident
2025-10-13 06:09:19,268 - INFO - --- Processing: Braveheart.1995__#02-07-00_02-08-15_label_B1-0-0.mp4 ---
2025-10-13 06:09:19,286 - INFO - Successfully processed Braveheart.1995__#02-07-00_02-08-15_label_B1-0-0.mp4. Top Prediction: Fighting
2025-10-13 06:09:19,286 - INFO - --- Processing: Brick.Mansions.2014__#00-08-37_00-10-04_label_A.mp4 ---
2025-10-13 06:09:19,305 - INFO - Successfully processed Brick.Mansions.2014__#00-08-37_00-10-04_label_A.mp4. Top Prediction: Fighting
2025-10-13 06:09:19,306 - INFO - --- Processing: Brick.Mansions.2014__#00-11-57_00-12-12_label_B2-0-0.mp4 ---
2025-10-13 06:09:19,324 - INFO - Successfully processed Brick.Mansions.2014__#00-11-57_00-12-12_label_B2-0-0.mp4. Top Prediction: Normal
2025-10-13 06:09:19,324 - INFO - --- Processing: Brick.Mansions.2014__#00-16-26_00-17-12_label_B1-0-0.mp4 ---
2025-10-13 06:09:19,340 - INFO - Successfully processed Brick.Mansions.2014__#00-16-26_00-17-12_label_B1-0-0.mp4. Top Prediction: Fighting
2025-10-13 06:09:19,340 - INFO - --- Processing: Brick.Mansions.2014__#00-41-25_00-42-36_label_B1-0-0.mp4 ---
2025-10-13 06:09:19,360 - INFO - Successfully processed Brick.Mansions.2014__#00-41-25_00-42-36_label_B1-0-0.mp4. Top Prediction: Fighting
2025-10-13 06:09:19,360 - INFO - --- Processing: Brick.Mansions.2014__#01-02-00_01-02-43_label_B2-0-0.mp4 ---
2025-10-13 06:09:19,377 - INFO - Successfully processed Brick.Mansions.2014__#01-02-00_01-02-43_label_B2-0-0.mp4. Top Prediction: Explosion
2025-10-13 06:09:19,377 - INFO - --- Processing: Bullet.in.the.Head.1990__#00-03-59_00-04-40_label_A.mp4 ---
2025-10-13 06:09:19,397 - INFO - Successfully processed Bullet.in.the.Head.1990__#00-03-59_00-04-40_label_A.mp4. Top Prediction: Normal
2025-10-13 06:09:19,397 - INFO - --- Processing: Bullet.in.the.Head.1990__#00-17-20_00-18-55_label_B1-0-0.mp4 ---
2025-10-13 06:09:19,415 - INFO - Successfully processed Bullet.in.the.Head.1990__#00-17-20_00-18-55_label_B1-0-0.mp4. Top Prediction: Fighting
2025-10-13 06:09:19,415 - INFO - --- Processing: Bullet.in.the.Head.1990__#00-23-31_00-24-40_label_G-0-0.mp4 ---
2025-10-13 06:09:19,432 - INFO - Successfully processed Bullet.in.the.Head.1990__#00-23-31_00-24-40_label_G-0-0.mp4. Top Prediction: Normal
2025-10-13 06:09:19,432 - INFO - --- Processing: Bullet.in.the.Head.1990__#00-25-11_00-26-15_label_A.mp4 ---
2025-10-13 06:09:19,440 - INFO - Successfully processed Bullet.in.the.Head.1990__#00-25-11_00-26-15_label_A.mp4. Top Prediction: Car Accident
2025-10-13 06:09:19,440 - INFO - --- Processing: Bullet.in.the.Head.1990__#00-41-30_00-44-16_label_B4-G-0.mp4 ---
2025-10-13 06:09:19,467 - INFO - Successfully processed Bullet.in.the.Head.1990__#00-41-30_00-44-16_label_B4-G-0.mp4. Top Prediction: Fighting
2025-10-13 06:09:19,467 - INFO - --- Processing: Bullet.in.the.Head.1990__#00-51-46_00-52-50_label_A.mp4 ---
2025-10-13 06:09:19,486 - INFO - Successfully processed Bullet.in.the.Head.1990__#00-51-46_00-52-50_label_A.mp4. Top Prediction: Fighting
2025-10-13 06:09:19,486 - INFO - --- Processing: Bullet.in.the.Head.1990__#01-26-30_01-27-34_label_B2-0-0.mp4 ---
2025-10-13 06:09:19,495 - INFO - Successfully processed Bullet.in.the.Head.1990__#01-26-30_01-27-34_label_B2-0-0.mp4. Top Prediction: Car Accident
2025-10-13 06:09:19,495 - INFO - --- Processing: Bullet.in.the.Head.1990__#01-45-21_01-46-20_label_B2-0-0.mp4 ---
2025-10-13 06:09:19,523 - INFO - Successfully processed Bullet.in.the.Head.1990__#01-45-21_01-46-20_label_B2-0-0.mp4. Top Prediction: Car Accident
2025-10-13 06:09:19,523 - INFO - --- Processing: Bullet.in.the.Head.1990__#01-58-25_01-59-30_label_A.mp4 ---
2025-10-13 06:09:19,540 - INFO - Successfully processed Bullet.in.the.Head.1990__#01-58-25_01-59-30_label_A.mp4. Top Prediction: Normal
2025-10-13 06:09:19,540 - INFO - --- Processing: Bullet.in.the.Head.1990__#02-02-00_02-05-22_label_B2-B6-G.mp4 ---
2025-10-13 06:09:19,556 - INFO - Successfully processed Bullet.in.the.Head.1990__#02-02-00_02-05-22_label_B2-B6-G.mp4. Top Prediction: Explosion
2025-10-13 06:09:19,556 - INFO - 
--- Intermittently saving results at video 50/800 ---

2025-10-13 06:09:19,576 - INFO - --- Processing: Casino.Royale.2006__#00-18-30_00-19-20_label_G-B2-0.mp4 ---
2025-10-13 06:09:19,596 - INFO - Successfully processed Casino.Royale.2006__#00-18-30_00-19-20_label_G-B2-0.mp4. Top Prediction: Explosion
2025-10-13 06:09:19,596 - INFO - --- Processing: Casino.Royale.2006__#00-28-10_00-30-10_label_A.mp4 ---
2025-10-13 06:09:19,611 - INFO - Successfully processed Casino.Royale.2006__#00-28-10_00-30-10_label_A.mp4. Top Prediction: Normal
2025-10-13 06:09:19,611 - INFO - --- Processing: Casino.Royale.2006__#00-50-05_00-51-16_label_B1-B2-B6.mp4 ---
2025-10-13 06:09:19,629 - INFO - Successfully processed Casino.Royale.2006__#00-50-05_00-51-16_label_B1-B2-B6.mp4. Top Prediction: Explosion
2025-10-13 06:09:19,629 - INFO - --- Processing: Casino.Royale.2006__#00-51-16_00-52-41_label_B1-B6-0.mp4 ---
2025-10-13 06:09:19,643 - INFO - Successfully processed Casino.Royale.2006__#00-51-16_00-52-41_label_B1-B6-0.mp4. Top Prediction: Explosion
2025-10-13 06:09:19,643 - INFO - --- Processing: Casino.Royale.2006__#01-17-29_01-17-46_label_B1-0-0.mp4 ---
2025-10-13 06:09:19,664 - INFO - Successfully processed Casino.Royale.2006__#01-17-29_01-17-46_label_B1-0-0.mp4. Top Prediction: Fighting
2025-10-13 06:09:19,668 - INFO - --- Processing: Casino.Royale.2006__#01-46-40_01-47-14_label_B6-0-0.mp4 ---
2025-10-13 06:09:19,680 - INFO - Successfully processed Casino.Royale.2006__#01-46-40_01-47-14_label_B6-0-0.mp4. Top Prediction: Explosion
2025-10-13 06:09:19,680 - INFO - --- Processing: City.of.God.2002__#00-33-10_00-34-50_label_A.mp4 ---
2025-10-13 06:09:19,695 - INFO - Successfully processed City.of.God.2002__#00-33-10_00-34-50_label_A.mp4. Top Prediction: Normal
2025-10-13 06:09:19,695 - INFO - --- Processing: City.of.God.2002__#00-37-20_00-38-02_label_B5-0-0.mp4 ---
2025-10-13 06:09:19,717 - INFO - Successfully processed City.of.God.2002__#00-37-20_00-38-02_label_B5-0-0.mp4. Top Prediction: Fighting
2025-10-13 06:09:19,720 - INFO - --- Processing: City.of.God.2002__#00-40-16_00-41-30_label_B2-0-0.mp4 ---
2025-10-13 06:09:19,729 - INFO - Successfully processed City.of.God.2002__#00-40-16_00-41-30_label_B2-0-0.mp4. Top Prediction: Fighting
2025-10-13 06:09:19,729 - INFO - --- Processing: City.of.God.2002__#01-24-10_01-25-10_label_B2-0-0.mp4 ---
2025-10-13 06:09:19,753 - INFO - Successfully processed City.of.God.2002__#01-24-10_01-25-10_label_B2-0-0.mp4. Top Prediction: Shooting
2025-10-13 06:09:19,755 - INFO - --- Processing: City.of.God.2002__#01-52-20_01-54-32_label_B2-0-0.mp4 ---
2025-10-13 06:09:19,775 - INFO - Successfully processed City.of.God.2002__#01-52-20_01-54-32_label_B2-0-0.mp4. Top Prediction: Fighting
2025-10-13 06:09:19,775 - INFO - --- Processing: City.Of.Men.2007__#00-51-50_00-53-31_label_B2-0-0.mp4 ---
2025-10-13 06:09:19,792 - INFO - Successfully processed City.Of.Men.2007__#00-51-50_00-53-31_label_B2-0-0.mp4. Top Prediction: Fighting
2025-10-13 06:09:19,792 - INFO - --- Processing: City.Of.Men.2007__#00-57-37_00-58-27_label_B2-0-0.mp4 ---
2025-10-13 06:09:19,806 - INFO - Successfully processed City.Of.Men.2007__#00-57-37_00-58-27_label_B2-0-0.mp4. Top Prediction: Explosion
2025-10-13 06:09:19,806 - INFO - --- Processing: City.Of.Men.2007__#01-17-27_01-17-59_label_B2-0-0.mp4 ---
2025-10-13 06:09:19,825 - INFO - Successfully processed City.Of.Men.2007__#01-17-27_01-17-59_label_B2-0-0.mp4. Top Prediction: Fighting
2025-10-13 06:09:19,826 - INFO - --- Processing: City.Of.Men.2007__#01-35-30_01-36-00_label_B2-0-0.mp4 ---
2025-10-13 06:09:19,840 - INFO - Successfully processed City.Of.Men.2007__#01-35-30_01-36-00_label_B2-0-0.mp4. Top Prediction: Fighting
2025-10-13 06:09:19,840 - INFO - --- Processing: City.Of.Men.2007__#01-36-01_01-37-31_label_A.mp4 ---
2025-10-13 06:09:19,856 - INFO - Successfully processed City.Of.Men.2007__#01-36-01_01-37-31_label_A.mp4. Top Prediction: Normal
2025-10-13 06:09:19,856 - INFO - --- Processing: Crank.Dircut.2006__#0-27-42_0-29-01_label_B1-0-0.mp4 ---
2025-10-13 06:09:19,873 - INFO - Successfully processed Crank.Dircut.2006__#0-27-42_0-29-01_label_B1-0-0.mp4. Top Prediction: Explosion
2025-10-13 06:09:19,873 - INFO - --- Processing: Deadpool.2.2018__#0-02-35_0-03-12_label_A.mp4 ---
2025-10-13 06:09:19,897 - INFO - Successfully processed Deadpool.2.2018__#0-02-35_0-03-12_label_A.mp4. Top Prediction: Normal
2025-10-13 06:09:19,897 - INFO - --- Processing: Deadpool.2.2018__#0-04-46_0-05-01_label_B2-0-0.mp4 ---
2025-10-13 06:09:19,915 - INFO - Successfully processed Deadpool.2.2018__#0-04-46_0-05-01_label_B2-0-0.mp4. Top Prediction: Shooting
2025-10-13 06:09:19,915 - INFO - --- Processing: Deadpool.2.2018__#0-50-30_0-51-20_label_B1-0-0.mp4 ---
2025-10-13 06:09:19,931 - INFO - Successfully processed Deadpool.2.2018__#0-50-30_0-51-20_label_B1-0-0.mp4. Top Prediction: Fighting
2025-10-13 06:09:19,931 - INFO - --- Processing: Deadpool.2.2018__#01-03-09_01-03-54_label_B4-0-0.mp4 ---
2025-10-13 06:09:19,948 - INFO - Successfully processed Deadpool.2.2018__#01-03-09_01-03-54_label_B4-0-0.mp4. Top Prediction: Normal
2025-10-13 06:09:19,948 - INFO - --- Processing: Deadpool.2016__#0-18-35_0-18-55_label_A.mp4 ---
2025-10-13 06:09:19,967 - INFO - Successfully processed Deadpool.2016__#0-18-35_0-18-55_label_A.mp4. Top Prediction: Fighting
2025-10-13 06:09:19,967 - INFO - --- Processing: Deadpool.2016__#0-18-58_0-19-20_label_B1-0-0.mp4 ---
2025-10-13 06:09:19,986 - INFO - Successfully processed Deadpool.2016__#0-18-58_0-19-20_label_B1-0-0.mp4. Top Prediction: Fighting
2025-10-13 06:09:19,986 - INFO - --- Processing: Death.Proof.2007__#00-02-04_00-05-00_label_A.mp4 ---
2025-10-13 06:09:19,995 - INFO - Successfully processed Death.Proof.2007__#00-02-04_00-05-00_label_A.mp4. Top Prediction: Normal
2025-10-13 06:09:19,995 - INFO - --- Processing: Death.Proof.2007__#00-45-05_00-47-36_label_B5-0-0.mp4 ---
2025-10-13 06:09:20,019 - INFO - Successfully processed Death.Proof.2007__#00-45-05_00-47-36_label_B5-0-0.mp4. Top Prediction: Car Accident
2025-10-13 06:09:20,019 - INFO - --- Processing: Death.Proof.2007__#01-40-41_01-42-17_label_B5-B6-0.mp4 ---
2025-10-13 06:09:20,030 - INFO - Successfully processed Death.Proof.2007__#01-40-41_01-42-17_label_B5-B6-0.mp4. Top Prediction: Car Accident
2025-10-13 06:09:20,030 - INFO - --- Processing: Desperado.1995__#00-16-48_00-18-52_label_B1-0-0.mp4 ---
2025-10-13 06:09:20,054 - INFO - Successfully processed Desperado.1995__#00-16-48_00-18-52_label_B1-0-0.mp4. Top Prediction: Fighting
2025-10-13 06:09:20,056 - INFO - --- Processing: Desperado.1995__#00-19-00_00-20-31_label_A.mp4 ---
2025-10-13 06:09:20,073 - INFO - Successfully processed Desperado.1995__#00-19-00_00-20-31_label_A.mp4. Top Prediction: Fighting
2025-10-13 06:09:20,073 - INFO - --- Processing: Desperado.1995__#00-38-36_00-39-21_label_B1-B2-0.mp4 ---
2025-10-13 06:09:20,093 - INFO - Successfully processed Desperado.1995__#00-38-36_00-39-21_label_B1-B2-0.mp4. Top Prediction: Fighting
2025-10-13 06:09:20,093 - INFO - --- Processing: Desperado.1995__#01-14-11_01-17-28_label_B2-G-0.mp4 ---
2025-10-13 06:09:20,110 - INFO - Successfully processed Desperado.1995__#01-14-11_01-17-28_label_B2-G-0.mp4. Top Prediction: Explosion
2025-10-13 06:09:20,110 - INFO - --- Processing: Desperado.1995__#01-22-10_01-23-17_label_A.mp4 ---
2025-10-13 06:09:20,127 - INFO - Successfully processed Desperado.1995__#01-22-10_01-23-17_label_A.mp4. Top Prediction: Normal
2025-10-13 06:09:20,128 - INFO - --- Processing: Election.2005__#00-03-35_00-05-05_label_A.mp4 ---
2025-10-13 06:09:20,140 - INFO - Successfully processed Election.2005__#00-03-35_00-05-05_label_A.mp4. Top Prediction: Fighting
2025-10-13 06:09:20,140 - INFO - --- Processing: Election.2005__#00-47-57_00-50-54_label_B5-0-0.mp4 ---
2025-10-13 06:09:20,156 - INFO - Successfully processed Election.2005__#00-47-57_00-50-54_label_B5-0-0.mp4. Top Prediction: Normal
2025-10-13 06:09:20,162 - INFO - --- Processing: Fast.Five.2011__#00-01-41_00-01-57_label_B6-0-0.mp4 ---
2025-10-13 06:09:20,178 - INFO - Successfully processed Fast.Five.2011__#00-01-41_00-01-57_label_B6-0-0.mp4. Top Prediction: Shooting
2025-10-13 06:09:20,179 - INFO - --- Processing: Fast.Five.2011__#00-32-05_00-32-24_label_B1-B2-0.mp4 ---
2025-10-13 06:09:20,196 - INFO - Successfully processed Fast.Five.2011__#00-32-05_00-32-24_label_B1-B2-0.mp4. Top Prediction: Shooting
2025-10-13 06:09:20,197 - INFO - --- Processing: Fast.Five.2011__#00-32-56_00-33-26_label_B2-0-0.mp4 ---
2025-10-13 06:09:20,214 - INFO - Successfully processed Fast.Five.2011__#00-32-56_00-33-26_label_B2-0-0.mp4. Top Prediction: Shooting
2025-10-13 06:09:20,214 - INFO - --- Processing: Fast.Five.2011__#01-29-27_01-32-05_label_B1-0-0.mp4 ---
2025-10-13 06:09:20,232 - INFO - Successfully processed Fast.Five.2011__#01-29-27_01-32-05_label_B1-0-0.mp4. Top Prediction: Fighting
2025-10-13 06:09:20,232 - INFO - --- Processing: Fast.Five.2011__#01-59-16_02-01-12_label_A.mp4 ---
2025-10-13 06:09:20,239 - INFO - Successfully processed Fast.Five.2011__#01-59-16_02-01-12_label_A.mp4. Top Prediction: Normal
2025-10-13 06:09:20,239 - INFO - --- Processing: Fast.Furious.2009__#00-21-06_00-21-57_label_B6-B2-0.mp4 ---
2025-10-13 06:09:20,262 - INFO - Successfully processed Fast.Furious.2009__#00-21-06_00-21-57_label_B6-B2-0.mp4. Top Prediction: Explosion
2025-10-13 06:09:20,262 - INFO - --- Processing: Fast.Furious.2009__#00-25-59_00-26-25_label_B1-0-0.mp4 ---
2025-10-13 06:09:20,274 - INFO - Successfully processed Fast.Furious.2009__#00-25-59_00-26-25_label_B1-0-0.mp4. Top Prediction: Car Accident
2025-10-13 06:09:20,274 - INFO - --- Processing: Fast.Furious.2009__#00-42-10_00-42-41_label_B6-0-0.mp4 ---
2025-10-13 06:09:20,295 - INFO - Successfully processed Fast.Furious.2009__#00-42-10_00-42-41_label_B6-0-0.mp4. Top Prediction: Explosion
2025-10-13 06:09:20,295 - INFO - --- Processing: Fast.Furious.2009__#01-08-33_01-10-18_label_A.mp4 ---
2025-10-13 06:09:20,320 - INFO - Successfully processed Fast.Furious.2009__#01-08-33_01-10-18_label_A.mp4. Top Prediction: Normal
2025-10-13 06:09:20,320 - INFO - --- Processing: Fast.Furious.2009__#01-18-00_01-19-00_label_B2-B6-0.mp4 ---
2025-10-13 06:09:20,339 - INFO - Successfully processed Fast.Furious.2009__#01-18-00_01-19-00_label_B2-B6-0.mp4. Top Prediction: Explosion
2025-10-13 06:09:20,339 - INFO - --- Processing: Fast.Furious.2009__#01-29-10_01-29-55_label_B2-0-0.mp4 ---
2025-10-13 06:09:20,353 - INFO - Successfully processed Fast.Furious.2009__#01-29-10_01-29-55_label_B2-0-0.mp4. Top Prediction: Explosion
2025-10-13 06:09:20,353 - INFO - --- Processing: Fast.Furious.6.2013__#00-45-40_00-47-13_label_B2-0-0.mp4 ---
2025-10-13 06:09:20,377 - INFO - Successfully processed Fast.Furious.6.2013__#00-45-40_00-47-13_label_B2-0-0.mp4. Top Prediction: Shooting
2025-10-13 06:09:20,377 - INFO - --- Processing: Fast.Furious.6.2013__#01-03-25_01-04-59_label_B1-0-0.mp4 ---
2025-10-13 06:09:20,395 - INFO - Successfully processed Fast.Furious.6.2013__#01-03-25_01-04-59_label_B1-0-0.mp4. Top Prediction: Fighting
2025-10-13 06:09:20,395 - INFO - --- Processing: Fast.Furious.6.2013__#01-37-00_01-38-05_label_A.mp4 ---
2025-10-13 06:09:20,415 - INFO - Successfully processed Fast.Furious.6.2013__#01-37-00_01-38-05_label_A.mp4. Top Prediction: Normal
2025-10-13 06:09:20,415 - INFO - --- Processing: Fast.Furious.6.2013__#01-38-33_01-39-20_label_B1-0-0.mp4 ---
2025-10-13 06:09:20,428 - INFO - Successfully processed Fast.Furious.6.2013__#01-38-33_01-39-20_label_B1-0-0.mp4. Top Prediction: Fighting
2025-10-13 06:09:20,428 - INFO - --- Processing: Flipped.2010__#00-08-55_00-10-50_label_A.mp4 ---
2025-10-13 06:09:20,453 - INFO - Successfully processed Flipped.2010__#00-08-55_00-10-50_label_A.mp4. Top Prediction: Normal
2025-10-13 06:09:20,453 - INFO - --- Processing: Flipped.2010__#00-42-52_00-45-31_label_A.mp4 ---
2025-10-13 06:09:20,470 - INFO - Successfully processed Flipped.2010__#00-42-52_00-45-31_label_A.mp4. Top Prediction: Normal
2025-10-13 06:09:20,470 - INFO - 
--- Intermittently saving results at video 100/800 ---

2025-10-13 06:09:20,478 - INFO - --- Processing: Flipped.2010__#00-45-40_00-47-30_label_A.mp4 ---
2025-10-13 06:09:20,495 - INFO - Successfully processed Flipped.2010__#00-45-40_00-47-30_label_A.mp4. Top Prediction: Normal
2025-10-13 06:09:20,505 - INFO - --- Processing: Flipped.2010__#01-07-30_01-09-51_label_A.mp4 ---
2025-10-13 06:09:20,520 - INFO - Successfully processed Flipped.2010__#01-07-30_01-09-51_label_A.mp4. Top Prediction: Normal
2025-10-13 06:09:20,520 - INFO - --- Processing: Flipped.2010__#01-10-30_01-13-51_label_A.mp4 ---
2025-10-13 06:09:20,530 - INFO - Successfully processed Flipped.2010__#01-10-30_01-13-51_label_A.mp4. Top Prediction: Normal
2025-10-13 06:09:20,539 - INFO - --- Processing: From.Dusk.Till.Dawn.1996__#00-31-52_00-34-21_label_A.mp4 ---
2025-10-13 06:09:20,556 - INFO - Successfully processed From.Dusk.Till.Dawn.1996__#00-31-52_00-34-21_label_A.mp4. Top Prediction: Normal
2025-10-13 06:09:20,556 - INFO - --- Processing: Fury.2014__#00-07-30_00-07-58_label_G-0-0.mp4 ---
2025-10-13 06:09:20,574 - INFO - Successfully processed Fury.2014__#00-07-30_00-07-58_label_G-0-0.mp4. Top Prediction: Fighting
2025-10-13 06:09:20,574 - INFO - --- Processing: Fury.2014__#00-39-36_00-40-44_label_B1-B2-0.mp4 ---
2025-10-13 06:09:20,590 - INFO - Successfully processed Fury.2014__#00-39-36_00-40-44_label_B1-B2-0.mp4. Top Prediction: Fighting
2025-10-13 06:09:20,590 - INFO - --- Processing: Fury.2014__#01-13-32_01-14-43_label_A.mp4 ---
2025-10-13 06:09:20,606 - INFO - Successfully processed Fury.2014__#01-13-32_01-14-43_label_A.mp4. Top Prediction: Explosion
2025-10-13 06:09:20,606 - INFO - --- Processing: Gladiator.2000__#01-10-27_01-11-59_label_B1-0-0.mp4 ---
2025-10-13 06:09:20,623 - INFO - Successfully processed Gladiator.2000__#01-10-27_01-11-59_label_B1-0-0.mp4. Top Prediction: Fighting
2025-10-13 06:09:20,623 - INFO - --- Processing: Gladiator.2000__#02-43-00_02-43-59_label_A.mp4 ---
2025-10-13 06:09:20,640 - INFO - Successfully processed Gladiator.2000__#02-43-00_02-43-59_label_A.mp4. Top Prediction: Normal
2025-10-13 06:09:20,640 - INFO - --- Processing: God.Bless.America.2011__#00-12-40_00-13-12_label_B2-0-0.mp4 ---
2025-10-13 06:09:20,660 - INFO - Successfully processed God.Bless.America.2011__#00-12-40_00-13-12_label_B2-0-0.mp4. Top Prediction: Fighting
2025-10-13 06:09:20,661 - INFO - --- Processing: God.Bless.America.2011__#00-38-25_00-39-37_label_B2-B5-0.mp4 ---
2025-10-13 06:09:20,677 - INFO - Successfully processed God.Bless.America.2011__#00-38-25_00-39-37_label_B2-B5-0.mp4. Top Prediction: Normal
2025-10-13 06:09:20,677 - INFO - --- Processing: God.Bless.America.2011__#00-51-00_00-52-00_label_A.mp4 ---
2025-10-13 06:09:20,693 - INFO - Successfully processed God.Bless.America.2011__#00-51-00_00-52-00_label_A.mp4. Top Prediction: Normal
2025-10-13 06:09:20,694 - INFO - --- Processing: God.Bless.America.2011__#00-58-09_01-04-00_label_A.mp4 ---
2025-10-13 06:09:20,711 - INFO - Successfully processed God.Bless.America.2011__#00-58-09_01-04-00_label_A.mp4. Top Prediction: Normal
2025-10-13 06:09:20,711 - INFO - --- Processing: God.Bless.America.2011__#01-23-13_01-25-31_label_A.mp4 ---
2025-10-13 06:09:20,728 - INFO - Successfully processed God.Bless.America.2011__#01-23-13_01-25-31_label_A.mp4. Top Prediction: Normal
2025-10-13 06:09:20,729 - INFO - --- Processing: God.Bless.America.2011__#01-32-00_01-32-50_label_B2-0-0.mp4 ---
2025-10-13 06:09:20,743 - INFO - Successfully processed God.Bless.America.2011__#01-32-00_01-32-50_label_B2-0-0.mp4. Top Prediction: Fighting
2025-10-13 06:09:20,743 - INFO - --- Processing: GoldenEye.1995__#00-10-00_00-10-40_label_G-0-0.mp4 ---
2025-10-13 06:09:20,764 - INFO - Successfully processed GoldenEye.1995__#00-10-00_00-10-40_label_G-0-0.mp4. Top Prediction: Normal
2025-10-13 06:09:20,765 - INFO - --- Processing: GoldenEye.1995__#00-24-53_00-25-06_label_B1-0-0.mp4 ---
2025-10-13 06:09:20,779 - INFO - Successfully processed GoldenEye.1995__#00-24-53_00-25-06_label_B1-0-0.mp4. Top Prediction: Fighting
2025-10-13 06:09:20,779 - INFO - --- Processing: GoldenEye.1995__#00-56-11_00-56-51_label_A.mp4 ---
2025-10-13 06:09:20,797 - INFO - Successfully processed GoldenEye.1995__#00-56-11_00-56-51_label_A.mp4. Top Prediction: Normal
2025-10-13 06:09:20,797 - INFO - --- Processing: GoldenEye.1995__#01-02-11_01-03-43_label_A.mp4 ---
2025-10-13 06:09:20,814 - INFO - Successfully processed GoldenEye.1995__#01-02-11_01-03-43_label_A.mp4. Top Prediction: Normal
2025-10-13 06:09:20,814 - INFO - --- Processing: GoldenEye.1995__#01-17-05_01-19-57_label_B2-B1-0.mp4 ---
2025-10-13 06:09:20,828 - INFO - Successfully processed GoldenEye.1995__#01-17-05_01-19-57_label_B2-B1-0.mp4. Top Prediction: Shooting
2025-10-13 06:09:20,828 - INFO - --- Processing: GoldenEye.1995__#01-33-40_01-34-30_label_A.mp4 ---
2025-10-13 06:09:20,848 - INFO - Successfully processed GoldenEye.1995__#01-33-40_01-34-30_label_A.mp4. Top Prediction: Normal
2025-10-13 06:09:20,848 - INFO - --- Processing: GoldenEye.1995__#02-02-15_02-02-47_label_B1-0-0.mp4 ---
2025-10-13 06:09:20,864 - INFO - Successfully processed GoldenEye.1995__#02-02-15_02-02-47_label_B1-0-0.mp4. Top Prediction: Explosion
2025-10-13 06:09:20,864 - INFO - --- Processing: GoldenEye.1995__#02-03-40_02-04-13_label_G-0-0.mp4 ---
2025-10-13 06:09:20,873 - INFO - Successfully processed GoldenEye.1995__#02-03-40_02-04-13_label_G-0-0.mp4. Top Prediction: Explosion
2025-10-13 06:09:20,873 - INFO - --- Processing: Good.Will.Hunting.1997__#00-08-55_00-10-50_label_A.mp4 ---
2025-10-13 06:09:20,895 - INFO - Successfully processed Good.Will.Hunting.1997__#00-08-55_00-10-50_label_A.mp4. Top Prediction: Riot
2025-10-13 06:09:20,895 - INFO - --- Processing: Good.Will.Hunting.1997__#00-58-18_01-02-30_label_A.mp4 ---
2025-10-13 06:09:20,906 - INFO - Successfully processed Good.Will.Hunting.1997__#00-58-18_01-02-30_label_A.mp4. Top Prediction: Normal
2025-10-13 06:09:20,906 - INFO - --- Processing: Haywire.2011__#00-02-06_00-03-29_label_A.mp4 ---
2025-10-13 06:09:20,928 - INFO - Successfully processed Haywire.2011__#00-02-06_00-03-29_label_A.mp4. Top Prediction: Explosion
2025-10-13 06:09:20,928 - INFO - --- Processing: Haywire.2011__#00-03-51_00-05-12_label_B1-B2-0.mp4 ---
2025-10-13 06:09:20,951 - INFO - Successfully processed Haywire.2011__#00-03-51_00-05-12_label_B1-B2-0.mp4. Top Prediction: Fighting
2025-10-13 06:09:20,951 - INFO - --- Processing: Haywire.2011__#00-16-07_00-16-49_label_B1-0-0.mp4 ---
2025-10-13 06:09:20,973 - INFO - Successfully processed Haywire.2011__#00-16-07_00-16-49_label_B1-0-0.mp4. Top Prediction: Fighting
2025-10-13 06:09:20,973 - INFO - --- Processing: Haywire.2011__#00-39-07_00-41-48_label_B1-B2-0.mp4 ---
2025-10-13 06:10:20,478 - INFO - Successfully processed Haywire.2011__#00-39-07_00-41-48_label_B1-B2-0.mp4. Top Prediction: Fighting
2025-10-13 06:10:20,480 - INFO - --- Processing: Haywire.2011__#01-20-20_01-21-57_label_B1-0-0.mp4 ---
2025-10-13 06:10:58,476 - INFO - Successfully processed Haywire.2011__#01-20-20_01-21-57_label_B1-0-0.mp4. Top Prediction: Fighting
2025-10-13 06:10:58,476 - INFO - --- Processing: Hear.Me.2009__#00-30-50_00-32-31_label_A.mp4 ---
2025-10-13 06:11:38,018 - INFO - Successfully processed Hear.Me.2009__#00-30-50_00-32-31_label_A.mp4. Top Prediction: Normal
2025-10-13 06:11:38,018 - INFO - --- Processing: Hear.Me.2009__#00-49-48_00-51-12_label_A.mp4 ---
2025-10-13 06:12:14,307 - INFO - Successfully processed Hear.Me.2009__#00-49-48_00-51-12_label_A.mp4. Top Prediction: Normal
2025-10-13 06:12:14,307 - INFO - --- Processing: Hot.Fuzz.2007__#00-19-20_00-22-06_label_A.mp4 ---
2025-10-13 06:13:20,681 - INFO - Successfully processed Hot.Fuzz.2007__#00-19-20_00-22-06_label_A.mp4. Top Prediction: Fighting
2025-10-13 06:13:20,681 - INFO - --- Processing: IP.Man.2.2010__#00-02-50_00-06-45_label_A.mp4 ---
2025-10-13 06:13:20,714 - INFO - Successfully processed IP.Man.2.2010__#00-02-50_00-06-45_label_A.mp4. Top Prediction: Normal
2025-10-13 06:13:20,714 - INFO - --- Processing: IP.Man.2.2010__#00-07-14_00-09-13_label_B1-0-0.mp4 ---
2025-10-13 06:14:07,641 - INFO - Successfully processed IP.Man.2.2010__#00-07-14_00-09-13_label_B1-0-0.mp4. Top Prediction: Fighting
2025-10-13 06:14:07,641 - INFO - --- Processing: IP.Man.2.2010__#00-54-00_00-57-12_label_A.mp4 ---
2025-10-13 06:15:20,768 - INFO - Successfully processed IP.Man.2.2010__#00-54-00_00-57-12_label_A.mp4. Top Prediction: Normal
2025-10-13 06:15:20,768 - INFO - --- Processing: IP.Man.2.2010__#01-35-55_01-39-11_label_B1-0-0.mp4 ---
2025-10-13 06:15:20,807 - INFO - Successfully processed IP.Man.2.2010__#01-35-55_01-39-11_label_B1-0-0.mp4. Top Prediction: Explosion
2025-10-13 06:15:20,807 - INFO - --- Processing: IP.Man.2.2010__#01-44-00_01-44-42_label_A.mp4 ---
2025-10-13 06:15:20,891 - INFO - 
--- Saving final results ---
2025-10-13 06:15:20,927 - INFO - 
--- Sample of Predictions ---
                                                filename prediction_1 confidence_1  prediction_2 confidence_2 prediction_3 confidence_3
0  A.Beautiful.Mind.2001__#00-25-20_00-29-20_label_A.mp4       Normal       90.95%  Car Accident        6.35%        Abuse        4.54%
1  A.Beautiful.Mind.2001__#00-40-52_00-42-01_label_A.mp4       Normal       32.23%      Fighting        1.65%    Explosion        1.24%
2  A.Beautiful.Mind.2001__#00-50-26_00-55-16_label_A.mp4       Normal       84.18%  Car Accident        1.57%     Fighting        1.38%
3  A.Beautiful.Mind.2001__#01-14-30_01-16-59_label_A.mp4       Normal       33.40%      Fighting        0.03%    Explosion        0.03%
4        About.Time.2013__#00-23-50_00-24-31_label_A.mp4       Normal       80.39%  Car Accident        0.80%     Shooting        0.27%
