2025-10-13 06:05:09,432 - INFO - Log file for this run: H:\Crime_Detection\crime_detection_model\logs\batch_predict_log_20251013_060509.log
2025-10-13 06:05:09,432 - INFO - Starting batch prediction on directory: H:\Crime_Detection\Testing\Videos
2025-10-13 06:05:09,432 - INFO - Processing all 800 videos found.
2025-10-13 06:05:09,432 - INFO - --- Processing: A.Beautiful.Mind.2001__#00-25-20_00-29-20_label_A.mp4 ---
2025-10-13 06:05:09,635 - INFO - Successfully processed A.Beautiful.Mind.2001__#00-25-20_00-29-20_label_A.mp4. Top Prediction: Normal
2025-10-13 06:05:09,667 - INFO - --- Processing: A.Beautiful.Mind.2001__#00-40-52_00-42-01_label_A.mp4 ---
2025-10-13 06:05:09,696 - INFO - Successfully processed A.Beautiful.Mind.2001__#00-40-52_00-42-01_label_A.mp4. Top Prediction: Normal
2025-10-13 06:05:09,696 - INFO - --- Processing: A.Beautiful.Mind.2001__#00-50-26_00-55-16_label_A.mp4 ---
2025-10-13 06:05:09,713 - INFO - Successfully processed A.Beautiful.Mind.2001__#00-50-26_00-55-16_label_A.mp4. Top Prediction: Normal
2025-10-13 06:05:09,713 - INFO - --- Processing: A.Beautiful.Mind.2001__#01-14-30_01-16-59_label_A.mp4 ---
2025-10-13 06:05:09,731 - INFO - Successfully processed A.Beautiful.Mind.2001__#01-14-30_01-16-59_label_A.mp4. Top Prediction: Normal
2025-10-13 06:05:09,731 - INFO - --- Processing: About.Time.2013__#00-23-50_00-24-31_label_A.mp4 ---
2025-10-13 06:05:09,748 - INFO - Successfully processed About.Time.2013__#00-23-50_00-24-31_label_A.mp4. Top Prediction: Normal
2025-10-13 06:05:09,748 - INFO - --- Processing: About.Time.2013__#00-30-50_00-32-31_label_A.mp4 ---
2025-10-13 06:05:09,765 - INFO - Successfully processed About.Time.2013__#00-30-50_00-32-31_label_A.mp4. Top Prediction: Normal
2025-10-13 06:05:09,765 - INFO - --- Processing: About.Time.2013__#00-40-52_00-42-31_label_A.mp4 ---
2025-10-13 06:05:09,783 - INFO - Successfully processed About.Time.2013__#00-40-52_00-42-31_label_A.mp4. Top Prediction: Normal
2025-10-13 06:05:09,783 - INFO - --- Processing: Bad.Boys.1995__#00-10-00_00-11-52_label_A.mp4 ---
2025-10-13 06:05:09,800 - INFO - Successfully processed Bad.Boys.1995__#00-10-00_00-11-52_label_A.mp4. Top Prediction: Fighting
2025-10-13 06:05:09,800 - INFO - --- Processing: Bad.Boys.1995__#01-11-55_01-12-40_label_G-B2-B6.mp4 ---
2025-10-13 06:05:09,813 - INFO - Successfully processed Bad.Boys.1995__#01-11-55_01-12-40_label_G-B2-B6.mp4. Top Prediction: Explosion
2025-10-13 06:05:09,813 - INFO - --- Processing: Bad.Boys.1995__#01-33-51_01-34-37_label_B2-0-0.mp4 ---
2025-10-13 06:05:09,838 - INFO - Successfully processed Bad.Boys.1995__#01-33-51_01-34-37_label_B2-0-0.mp4. Top Prediction: Shooting
2025-10-13 06:05:09,838 - INFO - --- Processing: Bad.Boys.II.2003__#00-06-42_00-10-00_label_B2-G-0.mp4 ---
2025-10-13 06:05:09,855 - INFO - Successfully processed Bad.Boys.II.2003__#00-06-42_00-10-00_label_B2-G-0.mp4. Top Prediction: Explosion
2025-10-13 06:05:09,855 - INFO - --- Processing: Bad.Boys.II.2003__#01-11-16_01-14-00_label_A.mp4 ---
2025-10-13 06:05:09,872 - INFO - Successfully processed Bad.Boys.II.2003__#01-11-16_01-14-00_label_A.mp4. Top Prediction: Normal
2025-10-13 06:05:09,872 - INFO - --- Processing: Be.with.You.2018__#00-04-20_00-05-35_label_A.mp4 ---
2025-10-13 06:05:09,889 - INFO - Successfully processed Be.with.You.2018__#00-04-20_00-05-35_label_A.mp4. Top Prediction: Normal
2025-10-13 06:05:09,889 - INFO - --- Processing: Be.with.You.2018__#00-16-18_00-18-09_label_A.mp4 ---
2025-10-13 06:05:09,906 - INFO - Successfully processed Be.with.You.2018__#00-16-18_00-18-09_label_A.mp4. Top Prediction: Fighting
2025-10-13 06:05:09,906 - INFO - --- Processing: Be.with.You.2018__#00-23-50_00-24-31_label_A.mp4 ---
2025-10-13 06:05:09,923 - INFO - Successfully processed Be.with.You.2018__#00-23-50_00-24-31_label_A.mp4. Top Prediction: Fighting
2025-10-13 06:05:09,923 - INFO - --- Processing: Be.with.You.2018__#01-14-30_01-16-59_label_A.mp4 ---
2025-10-13 06:05:09,941 - INFO - Successfully processed Be.with.You.2018__#01-14-30_01-16-59_label_A.mp4. Top Prediction: Normal
2025-10-13 06:05:09,942 - INFO - --- Processing: Be.with.You.2018__#01-42-06_01-45-53_label_A.mp4 ---
2025-10-13 06:05:09,960 - INFO - Successfully processed Be.with.You.2018__#01-42-06_01-45-53_label_A.mp4. Top Prediction: Normal
2025-10-13 06:05:09,960 - INFO - --- Processing: Before.Sunrise.1995__#00-03-00_00-04-05_label_A.mp4 ---
2025-10-13 06:05:09,977 - INFO - Successfully processed Before.Sunrise.1995__#00-03-00_00-04-05_label_A.mp4. Top Prediction: Normal
2025-10-13 06:05:09,978 - INFO - --- Processing: Before.Sunrise.1995__#00-04-20_00-05-35_label_A.mp4 ---
2025-10-13 06:05:09,995 - INFO - Successfully processed Before.Sunrise.1995__#00-04-20_00-05-35_label_A.mp4. Top Prediction: Normal
2025-10-13 06:05:09,995 - INFO - --- Processing: Before.Sunrise.1995__#00-23-50_00-24-31_label_A.mp4 ---
2025-10-13 06:05:10,015 - INFO - Successfully processed Before.Sunrise.1995__#00-23-50_00-24-31_label_A.mp4. Top Prediction: Normal
2025-10-13 06:05:10,016 - INFO - --- Processing: Before.Sunrise.1995__#00-40-52_00-42-01_label_A.mp4 ---
2025-10-13 06:05:10,034 - INFO - Successfully processed Before.Sunrise.1995__#00-40-52_00-42-01_label_A.mp4. Top Prediction: Normal
2025-10-13 06:05:10,034 - INFO - --- Processing: Before.Sunrise.1995__#00-42-52_00-45-31_label_A.mp4 ---
2025-10-13 06:05:10,047 - INFO - Successfully processed Before.Sunrise.1995__#00-42-52_00-45-31_label_A.mp4. Top Prediction: Normal
2025-10-13 06:05:10,055 - INFO - --- Processing: Before.Sunrise.1995__#01-36-45_01-38-10_label_A.mp4 ---
2025-10-13 06:05:10,073 - INFO - Successfully processed Before.Sunrise.1995__#01-36-45_01-38-10_label_A.mp4. Top Prediction: Normal
2025-10-13 06:05:10,073 - INFO - --- Processing: Before.Sunset.2004__#00-23-50_00-24-31_label_A.mp4 ---
2025-10-13 06:05:10,098 - INFO - Successfully processed Before.Sunset.2004__#00-23-50_00-24-31_label_A.mp4. Top Prediction: Normal
2025-10-13 06:05:10,098 - INFO - --- Processing: Before.Sunset.2004__#01-14-30_01-16-51_label_A.mp4 ---
2025-10-13 06:05:10,114 - INFO - Successfully processed Before.Sunset.2004__#01-14-30_01-16-51_label_A.mp4. Top Prediction: Normal
2025-10-13 06:05:10,114 - INFO - --- Processing: Black.Hawk.Down.2001__#00-06-44_00-07-39_label_A.mp4 ---
2025-10-13 06:05:10,131 - INFO - Successfully processed Black.Hawk.Down.2001__#00-06-44_00-07-39_label_A.mp4. Top Prediction: Normal
2025-10-13 06:05:10,131 - INFO - --- Processing: Black.Hawk.Down.2001__#01-13-59_01-14-49_label_B2-0-0.mp4 ---
2025-10-13 06:05:10,147 - INFO - Successfully processed Black.Hawk.Down.2001__#01-13-59_01-14-49_label_B2-0-0.mp4. Top Prediction: Shooting
2025-10-13 06:05:10,147 - INFO - --- Processing: Black.Hawk.Down.2001__#01-32-40_01-34-00_label_B4-0-0.mp4 ---
2025-10-13 06:05:10,164 - INFO - Successfully processed Black.Hawk.Down.2001__#01-32-40_01-34-00_label_B4-0-0.mp4. Top Prediction: Explosion
2025-10-13 06:05:10,164 - INFO - --- Processing: Black.Hawk.Down.2001__#01-36-44_01-37-33_label_A.mp4 ---
2025-10-13 06:05:10,188 - INFO - Successfully processed Black.Hawk.Down.2001__#01-36-44_01-37-33_label_A.mp4. Top Prediction: Fighting
2025-10-13 06:05:10,189 - INFO - --- Processing: Black.Hawk.Down.2001__#01-42-58_01-43-58_label_G-0-0.mp4 ---
2025-10-13 06:05:10,201 - INFO - Successfully processed Black.Hawk.Down.2001__#01-42-58_01-43-58_label_G-0-0.mp4. Top Prediction: Explosion
2025-10-13 06:05:10,205 - INFO - --- Processing: Black.Hawk.Down.2001__#02-00-12_02-01-29_label_B2-0-0.mp4 ---
2025-10-13 06:05:10,223 - INFO - Successfully processed Black.Hawk.Down.2001__#02-00-12_02-01-29_label_B2-0-0.mp4. Top Prediction: Shooting
2025-10-13 06:05:10,223 - INFO - --- Processing: Braveheart.1995__#00-56-30_00-57-20_label_B1-0-0.mp4 ---
2025-10-13 06:05:10,239 - INFO - Successfully processed Braveheart.1995__#00-56-30_00-57-20_label_B1-0-0.mp4. Top Prediction: Fighting
2025-10-13 06:05:10,239 - INFO - --- Processing: Braveheart.1995__#01-26-50_01-32-30_label_B1-0-0.mp4 ---
2025-10-13 06:05:10,256 - INFO - Successfully processed Braveheart.1995__#01-26-50_01-32-30_label_B1-0-0.mp4. Top Prediction: Fighting
2025-10-13 06:05:10,256 - INFO - --- Processing: Braveheart.1995__#02-05-34_02-06-40_label_B1-0-0.mp4 ---
2025-10-13 06:05:10,282 - INFO - Successfully processed Braveheart.1995__#02-05-34_02-06-40_label_B1-0-0.mp4. Top Prediction: Car Accident
2025-10-13 06:05:10,282 - INFO - --- Processing: Braveheart.1995__#02-07-00_02-08-15_label_B1-0-0.mp4 ---
2025-10-13 06:05:10,298 - INFO - Successfully processed Braveheart.1995__#02-07-00_02-08-15_label_B1-0-0.mp4. Top Prediction: Fighting
2025-10-13 06:05:10,298 - INFO - --- Processing: Brick.Mansions.2014__#00-08-37_00-10-04_label_A.mp4 ---
2025-10-13 06:05:10,316 - INFO - Successfully processed Brick.Mansions.2014__#00-08-37_00-10-04_label_A.mp4. Top Prediction: Fighting
2025-10-13 06:05:10,316 - INFO - --- Processing: Brick.Mansions.2014__#00-11-57_00-12-12_label_B2-0-0.mp4 ---
2025-10-13 06:05:10,332 - INFO - Successfully processed Brick.Mansions.2014__#00-11-57_00-12-12_label_B2-0-0.mp4. Top Prediction: Normal
2025-10-13 06:05:10,332 - INFO - --- Processing: Brick.Mansions.2014__#00-16-26_00-17-12_label_B1-0-0.mp4 ---
2025-10-13 06:05:10,347 - INFO - Successfully processed Brick.Mansions.2014__#00-16-26_00-17-12_label_B1-0-0.mp4. Top Prediction: Fighting
2025-10-13 06:05:10,347 - INFO - --- Processing: Brick.Mansions.2014__#00-41-25_00-42-36_label_B1-0-0.mp4 ---
2025-10-13 06:05:10,371 - INFO - Successfully processed Brick.Mansions.2014__#00-41-25_00-42-36_label_B1-0-0.mp4. Top Prediction: Fighting
2025-10-13 06:05:10,372 - INFO - --- Processing: Brick.Mansions.2014__#01-02-00_01-02-43_label_B2-0-0.mp4 ---
2025-10-13 06:05:10,392 - INFO - Successfully processed Brick.Mansions.2014__#01-02-00_01-02-43_label_B2-0-0.mp4. Top Prediction: Explosion
2025-10-13 06:05:10,393 - INFO - --- Processing: Bullet.in.the.Head.1990__#00-03-59_00-04-40_label_A.mp4 ---
2025-10-13 06:05:10,406 - INFO - Successfully processed Bullet.in.the.Head.1990__#00-03-59_00-04-40_label_A.mp4. Top Prediction: Normal
2025-10-13 06:05:10,406 - INFO - --- Processing: Bullet.in.the.Head.1990__#00-17-20_00-18-55_label_B1-0-0.mp4 ---
2025-10-13 06:05:10,427 - INFO - Successfully processed Bullet.in.the.Head.1990__#00-17-20_00-18-55_label_B1-0-0.mp4. Top Prediction: Fighting
2025-10-13 06:05:10,428 - INFO - --- Processing: Bullet.in.the.Head.1990__#00-23-31_00-24-40_label_G-0-0.mp4 ---
2025-10-13 06:05:10,446 - INFO - Successfully processed Bullet.in.the.Head.1990__#00-23-31_00-24-40_label_G-0-0.mp4. Top Prediction: Normal
2025-10-13 06:05:10,447 - INFO - --- Processing: Bullet.in.the.Head.1990__#00-25-11_00-26-15_label_A.mp4 ---
2025-10-13 06:05:10,464 - INFO - Successfully processed Bullet.in.the.Head.1990__#00-25-11_00-26-15_label_A.mp4. Top Prediction: Car Accident
2025-10-13 06:05:10,464 - INFO - --- Processing: Bullet.in.the.Head.1990__#00-41-30_00-44-16_label_B4-G-0.mp4 ---
2025-10-13 06:05:10,480 - INFO - Successfully processed Bullet.in.the.Head.1990__#00-41-30_00-44-16_label_B4-G-0.mp4. Top Prediction: Fighting
2025-10-13 06:05:10,480 - INFO - --- Processing: Bullet.in.the.Head.1990__#00-51-46_00-52-50_label_A.mp4 ---
2025-10-13 06:05:10,500 - INFO - Successfully processed Bullet.in.the.Head.1990__#00-51-46_00-52-50_label_A.mp4. Top Prediction: Fighting
2025-10-13 06:05:10,500 - INFO - --- Processing: Bullet.in.the.Head.1990__#01-26-30_01-27-34_label_B2-0-0.mp4 ---
2025-10-13 06:05:10,513 - INFO - Successfully processed Bullet.in.the.Head.1990__#01-26-30_01-27-34_label_B2-0-0.mp4. Top Prediction: Car Accident
2025-10-13 06:05:10,513 - INFO - --- Processing: Bullet.in.the.Head.1990__#01-45-21_01-46-20_label_B2-0-0.mp4 ---
2025-10-13 06:05:10,535 - INFO - Successfully processed Bullet.in.the.Head.1990__#01-45-21_01-46-20_label_B2-0-0.mp4. Top Prediction: Car Accident
2025-10-13 06:05:10,535 - INFO - --- Processing: Bullet.in.the.Head.1990__#01-58-25_01-59-30_label_A.mp4 ---
2025-10-13 06:05:10,555 - INFO - Successfully processed Bullet.in.the.Head.1990__#01-58-25_01-59-30_label_A.mp4. Top Prediction: Normal
2025-10-13 06:05:10,557 - INFO - --- Processing: Bullet.in.the.Head.1990__#02-02-00_02-05-22_label_B2-B6-G.mp4 ---
2025-10-13 06:05:10,573 - INFO - Successfully processed Bullet.in.the.Head.1990__#02-02-00_02-05-22_label_B2-B6-G.mp4. Top Prediction: Explosion
2025-10-13 06:05:10,573 - INFO - 
--- Intermittently saving results at video 50/800 ---

2025-10-13 06:05:10,664 - INFO - --- Processing: Casino.Royale.2006__#00-18-30_00-19-20_label_G-B2-0.mp4 ---
2025-10-13 06:05:10,691 - INFO - Successfully processed Casino.Royale.2006__#00-18-30_00-19-20_label_G-B2-0.mp4. Top Prediction: Explosion
2025-10-13 06:05:10,692 - INFO - --- Processing: Casino.Royale.2006__#00-28-10_00-30-10_label_A.mp4 ---
2025-10-13 06:05:10,711 - INFO - Successfully processed Casino.Royale.2006__#00-28-10_00-30-10_label_A.mp4. Top Prediction: Normal
2025-10-13 06:05:10,711 - INFO - --- Processing: Casino.Royale.2006__#00-50-05_00-51-16_label_B1-B2-B6.mp4 ---
2025-10-13 06:05:10,723 - INFO - Successfully processed Casino.Royale.2006__#00-50-05_00-51-16_label_B1-B2-B6.mp4. Top Prediction: Explosion
2025-10-13 06:05:10,723 - INFO - --- Processing: Casino.Royale.2006__#00-51-16_00-52-41_label_B1-B6-0.mp4 ---
2025-10-13 06:05:10,749 - INFO - Successfully processed Casino.Royale.2006__#00-51-16_00-52-41_label_B1-B6-0.mp4. Top Prediction: Explosion
2025-10-13 06:05:10,749 - INFO - --- Processing: Casino.Royale.2006__#01-17-29_01-17-46_label_B1-0-0.mp4 ---
2025-10-13 06:05:10,765 - INFO - Successfully processed Casino.Royale.2006__#01-17-29_01-17-46_label_B1-0-0.mp4. Top Prediction: Fighting
2025-10-13 06:05:10,765 - INFO - --- Processing: Casino.Royale.2006__#01-46-40_01-47-14_label_B6-0-0.mp4 ---
2025-10-13 06:05:10,780 - INFO - Successfully processed Casino.Royale.2006__#01-46-40_01-47-14_label_B6-0-0.mp4. Top Prediction: Explosion
2025-10-13 06:05:10,786 - INFO - --- Processing: City.of.God.2002__#00-33-10_00-34-50_label_A.mp4 ---
2025-10-13 06:05:10,806 - INFO - Successfully processed City.of.God.2002__#00-33-10_00-34-50_label_A.mp4. Top Prediction: Normal
2025-10-13 06:05:10,807 - INFO - --- Processing: City.of.God.2002__#00-37-20_00-38-02_label_B5-0-0.mp4 ---
2025-10-13 06:05:10,827 - INFO - Successfully processed City.of.God.2002__#00-37-20_00-38-02_label_B5-0-0.mp4. Top Prediction: Fighting
2025-10-13 06:05:10,828 - INFO - --- Processing: City.of.God.2002__#00-40-16_00-41-30_label_B2-0-0.mp4 ---
2025-10-13 06:05:10,847 - INFO - Successfully processed City.of.God.2002__#00-40-16_00-41-30_label_B2-0-0.mp4. Top Prediction: Fighting
2025-10-13 06:05:10,847 - INFO - --- Processing: City.of.God.2002__#01-24-10_01-25-10_label_B2-0-0.mp4 ---
2025-10-13 06:05:10,864 - INFO - Successfully processed City.of.God.2002__#01-24-10_01-25-10_label_B2-0-0.mp4. Top Prediction: Shooting
2025-10-13 06:05:10,865 - INFO - --- Processing: City.of.God.2002__#01-52-20_01-54-32_label_B2-0-0.mp4 ---
2025-10-13 06:05:10,882 - INFO - Successfully processed City.of.God.2002__#01-52-20_01-54-32_label_B2-0-0.mp4. Top Prediction: Fighting
2025-10-13 06:05:10,882 - INFO - --- Processing: City.Of.Men.2007__#00-51-50_00-53-31_label_B2-0-0.mp4 ---
2025-10-13 06:05:10,901 - INFO - Successfully processed City.Of.Men.2007__#00-51-50_00-53-31_label_B2-0-0.mp4. Top Prediction: Fighting
2025-10-13 06:05:10,901 - INFO - --- Processing: City.Of.Men.2007__#00-57-37_00-58-27_label_B2-0-0.mp4 ---
2025-10-13 06:05:10,919 - INFO - Successfully processed City.Of.Men.2007__#00-57-37_00-58-27_label_B2-0-0.mp4. Top Prediction: Explosion
2025-10-13 06:05:10,919 - INFO - --- Processing: City.Of.Men.2007__#01-17-27_01-17-59_label_B2-0-0.mp4 ---
2025-10-13 06:05:10,937 - INFO - Successfully processed City.Of.Men.2007__#01-17-27_01-17-59_label_B2-0-0.mp4. Top Prediction: Fighting
2025-10-13 06:05:10,937 - INFO - --- Processing: City.Of.Men.2007__#01-35-30_01-36-00_label_B2-0-0.mp4 ---
2025-10-13 06:05:10,958 - INFO - Successfully processed City.Of.Men.2007__#01-35-30_01-36-00_label_B2-0-0.mp4. Top Prediction: Fighting
2025-10-13 06:05:10,959 - INFO - --- Processing: City.Of.Men.2007__#01-36-01_01-37-31_label_A.mp4 ---
2025-10-13 06:05:10,977 - INFO - Successfully processed City.Of.Men.2007__#01-36-01_01-37-31_label_A.mp4. Top Prediction: Normal
2025-10-13 06:05:10,978 - INFO - --- Processing: Crank.Dircut.2006__#0-27-42_0-29-01_label_B1-0-0.mp4 ---
2025-10-13 06:05:10,996 - INFO - Successfully processed Crank.Dircut.2006__#0-27-42_0-29-01_label_B1-0-0.mp4. Top Prediction: Explosion
2025-10-13 06:05:10,996 - INFO - --- Processing: Deadpool.2.2018__#0-02-35_0-03-12_label_A.mp4 ---
2025-10-13 06:05:11,016 - INFO - Successfully processed Deadpool.2.2018__#0-02-35_0-03-12_label_A.mp4. Top Prediction: Normal
2025-10-13 06:05:11,016 - INFO - --- Processing: Deadpool.2.2018__#0-04-46_0-05-01_label_B2-0-0.mp4 ---
2025-10-13 06:05:11,031 - INFO - Successfully processed Deadpool.2.2018__#0-04-46_0-05-01_label_B2-0-0.mp4. Top Prediction: Shooting
2025-10-13 06:05:11,031 - INFO - --- Processing: Deadpool.2.2018__#0-50-30_0-51-20_label_B1-0-0.mp4 ---
2025-10-13 06:05:11,048 - INFO - Successfully processed Deadpool.2.2018__#0-50-30_0-51-20_label_B1-0-0.mp4. Top Prediction: Fighting
2025-10-13 06:05:11,048 - INFO - --- Processing: Deadpool.2.2018__#01-03-09_01-03-54_label_B4-0-0.mp4 ---
2025-10-13 06:05:11,065 - INFO - Successfully processed Deadpool.2.2018__#01-03-09_01-03-54_label_B4-0-0.mp4. Top Prediction: Normal
2025-10-13 06:05:11,065 - INFO - --- Processing: Deadpool.2016__#0-18-35_0-18-55_label_A.mp4 ---
2025-10-13 06:05:11,090 - INFO - Successfully processed Deadpool.2016__#0-18-35_0-18-55_label_A.mp4. Top Prediction: Fighting
2025-10-13 06:05:11,090 - INFO - --- Processing: Deadpool.2016__#0-18-58_0-19-20_label_B1-0-0.mp4 ---
2025-10-13 06:05:11,106 - INFO - Successfully processed Deadpool.2016__#0-18-58_0-19-20_label_B1-0-0.mp4. Top Prediction: Fighting
2025-10-13 06:05:11,107 - INFO - --- Processing: Death.Proof.2007__#00-02-04_00-05-00_label_A.mp4 ---
2025-10-13 06:05:11,126 - INFO - Successfully processed Death.Proof.2007__#00-02-04_00-05-00_label_A.mp4. Top Prediction: Normal
2025-10-13 06:05:11,126 - INFO - --- Processing: Death.Proof.2007__#00-45-05_00-47-36_label_B5-0-0.mp4 ---
2025-10-13 06:05:11,147 - INFO - Successfully processed Death.Proof.2007__#00-45-05_00-47-36_label_B5-0-0.mp4. Top Prediction: Car Accident
2025-10-13 06:05:11,147 - INFO - --- Processing: Death.Proof.2007__#01-40-41_01-42-17_label_B5-B6-0.mp4 ---
2025-10-13 06:05:11,164 - INFO - Successfully processed Death.Proof.2007__#01-40-41_01-42-17_label_B5-B6-0.mp4. Top Prediction: Car Accident
2025-10-13 06:05:11,164 - INFO - --- Processing: Desperado.1995__#00-16-48_00-18-52_label_B1-0-0.mp4 ---
2025-10-13 06:05:11,181 - INFO - Successfully processed Desperado.1995__#00-16-48_00-18-52_label_B1-0-0.mp4. Top Prediction: Fighting
2025-10-13 06:05:11,181 - INFO - --- Processing: Desperado.1995__#00-19-00_00-20-31_label_A.mp4 ---
2025-10-13 06:05:11,198 - INFO - Successfully processed Desperado.1995__#00-19-00_00-20-31_label_A.mp4. Top Prediction: Fighting
2025-10-13 06:05:11,203 - INFO - --- Processing: Desperado.1995__#00-38-36_00-39-21_label_B1-B2-0.mp4 ---
2025-10-13 06:05:11,213 - INFO - Successfully processed Desperado.1995__#00-38-36_00-39-21_label_B1-B2-0.mp4. Top Prediction: Fighting
2025-10-13 06:05:11,213 - INFO - --- Processing: Desperado.1995__#01-14-11_01-17-28_label_B2-G-0.mp4 ---
2025-10-13 06:05:11,239 - INFO - Successfully processed Desperado.1995__#01-14-11_01-17-28_label_B2-G-0.mp4. Top Prediction: Explosion
2025-10-13 06:05:11,239 - INFO - --- Processing: Desperado.1995__#01-22-10_01-23-17_label_A.mp4 ---
2025-10-13 06:05:11,256 - INFO - Successfully processed Desperado.1995__#01-22-10_01-23-17_label_A.mp4. Top Prediction: Normal
2025-10-13 06:05:11,257 - INFO - --- Processing: Election.2005__#00-03-35_00-05-05_label_A.mp4 ---
2025-10-13 06:05:11,273 - INFO - Successfully processed Election.2005__#00-03-35_00-05-05_label_A.mp4. Top Prediction: Fighting
2025-10-13 06:05:11,274 - INFO - --- Processing: Election.2005__#00-47-57_00-50-54_label_B5-0-0.mp4 ---
2025-10-13 06:05:11,290 - INFO - Successfully processed Election.2005__#00-47-57_00-50-54_label_B5-0-0.mp4. Top Prediction: Normal
2025-10-13 06:05:11,291 - INFO - --- Processing: Fast.Five.2011__#00-01-41_00-01-57_label_B6-0-0.mp4 ---
2025-10-13 06:05:11,307 - INFO - Successfully processed Fast.Five.2011__#00-01-41_00-01-57_label_B6-0-0.mp4. Top Prediction: Shooting
2025-10-13 06:05:11,308 - INFO - --- Processing: Fast.Five.2011__#00-32-05_00-32-24_label_B1-B2-0.mp4 ---
2025-10-13 06:05:11,327 - INFO - Successfully processed Fast.Five.2011__#00-32-05_00-32-24_label_B1-B2-0.mp4. Top Prediction: Shooting
2025-10-13 06:05:11,328 - INFO - --- Processing: Fast.Five.2011__#00-32-56_00-33-26_label_B2-0-0.mp4 ---
2025-10-13 06:05:11,342 - INFO - Successfully processed Fast.Five.2011__#00-32-56_00-33-26_label_B2-0-0.mp4. Top Prediction: Shooting
2025-10-13 06:05:11,342 - INFO - --- Processing: Fast.Five.2011__#01-29-27_01-32-05_label_B1-0-0.mp4 ---
2025-10-13 06:05:11,363 - INFO - Successfully processed Fast.Five.2011__#01-29-27_01-32-05_label_B1-0-0.mp4. Top Prediction: Fighting
2025-10-13 06:05:11,364 - INFO - --- Processing: Fast.Five.2011__#01-59-16_02-01-12_label_A.mp4 ---
2025-10-13 06:05:11,381 - INFO - Successfully processed Fast.Five.2011__#01-59-16_02-01-12_label_A.mp4. Top Prediction: Normal
2025-10-13 06:05:11,381 - INFO - --- Processing: Fast.Furious.2009__#00-21-06_00-21-57_label_B6-B2-0.mp4 ---
2025-10-13 06:05:11,398 - INFO - Successfully processed Fast.Furious.2009__#00-21-06_00-21-57_label_B6-B2-0.mp4. Top Prediction: Explosion
2025-10-13 06:05:11,398 - INFO - --- Processing: Fast.Furious.2009__#00-25-59_00-26-25_label_B1-0-0.mp4 ---
2025-10-13 06:05:11,413 - INFO - Successfully processed Fast.Furious.2009__#00-25-59_00-26-25_label_B1-0-0.mp4. Top Prediction: Car Accident
2025-10-13 06:05:11,413 - INFO - --- Processing: Fast.Furious.2009__#00-42-10_00-42-41_label_B6-0-0.mp4 ---
2025-10-13 06:05:11,432 - INFO - Successfully processed Fast.Furious.2009__#00-42-10_00-42-41_label_B6-0-0.mp4. Top Prediction: Explosion
2025-10-13 06:05:11,439 - INFO - --- Processing: Fast.Furious.2009__#01-08-33_01-10-18_label_A.mp4 ---
2025-10-13 06:05:11,455 - INFO - Successfully processed Fast.Furious.2009__#01-08-33_01-10-18_label_A.mp4. Top Prediction: Normal
2025-10-13 06:05:11,456 - INFO - --- Processing: Fast.Furious.2009__#01-18-00_01-19-00_label_B2-B6-0.mp4 ---
2025-10-13 06:05:11,474 - INFO - Successfully processed Fast.Furious.2009__#01-18-00_01-19-00_label_B2-B6-0.mp4. Top Prediction: Explosion
2025-10-13 06:05:11,474 - INFO - --- Processing: Fast.Furious.2009__#01-29-10_01-29-55_label_B2-0-0.mp4 ---
2025-10-13 06:05:11,494 - INFO - Successfully processed Fast.Furious.2009__#01-29-10_01-29-55_label_B2-0-0.mp4. Top Prediction: Explosion
2025-10-13 06:05:11,494 - INFO - --- Processing: Fast.Furious.6.2013__#00-45-40_00-47-13_label_B2-0-0.mp4 ---
2025-10-13 06:05:11,512 - INFO - Successfully processed Fast.Furious.6.2013__#00-45-40_00-47-13_label_B2-0-0.mp4. Top Prediction: Shooting
2025-10-13 06:05:11,512 - INFO - --- Processing: Fast.Furious.6.2013__#01-03-25_01-04-59_label_B1-0-0.mp4 ---
2025-10-13 06:05:11,525 - INFO - Successfully processed Fast.Furious.6.2013__#01-03-25_01-04-59_label_B1-0-0.mp4. Top Prediction: Fighting
2025-10-13 06:05:11,525 - INFO - --- Processing: Fast.Furious.6.2013__#01-37-00_01-38-05_label_A.mp4 ---
2025-10-13 06:05:11,547 - INFO - Successfully processed Fast.Furious.6.2013__#01-37-00_01-38-05_label_A.mp4. Top Prediction: Normal
2025-10-13 06:05:11,547 - INFO - --- Processing: Fast.Furious.6.2013__#01-38-33_01-39-20_label_B1-0-0.mp4 ---
2025-10-13 06:05:11,565 - INFO - Successfully processed Fast.Furious.6.2013__#01-38-33_01-39-20_label_B1-0-0.mp4. Top Prediction: Fighting
2025-10-13 06:05:11,565 - INFO - --- Processing: Flipped.2010__#00-08-55_00-10-50_label_A.mp4 ---
2025-10-13 06:05:11,580 - INFO - Successfully processed Flipped.2010__#00-08-55_00-10-50_label_A.mp4. Top Prediction: Normal
2025-10-13 06:05:11,580 - INFO - --- Processing: Flipped.2010__#00-42-52_00-45-31_label_A.mp4 ---
2025-10-13 06:05:11,598 - INFO - Successfully processed Flipped.2010__#00-42-52_00-45-31_label_A.mp4. Top Prediction: Normal
2025-10-13 06:05:11,598 - INFO - 
--- Intermittently saving results at video 100/800 ---

2025-10-13 06:05:11,613 - INFO - --- Processing: Flipped.2010__#00-45-40_00-47-30_label_A.mp4 ---
2025-10-13 06:05:11,632 - INFO - Successfully processed Flipped.2010__#00-45-40_00-47-30_label_A.mp4. Top Prediction: Normal
2025-10-13 06:05:11,632 - INFO - --- Processing: Flipped.2010__#01-07-30_01-09-51_label_A.mp4 ---
2025-10-13 06:05:11,647 - INFO - Successfully processed Flipped.2010__#01-07-30_01-09-51_label_A.mp4. Top Prediction: Normal
2025-10-13 06:05:11,647 - INFO - --- Processing: Flipped.2010__#01-10-30_01-13-51_label_A.mp4 ---
2025-10-13 06:05:11,665 - INFO - Successfully processed Flipped.2010__#01-10-30_01-13-51_label_A.mp4. Top Prediction: Normal
2025-10-13 06:05:11,665 - INFO - --- Processing: From.Dusk.Till.Dawn.1996__#00-31-52_00-34-21_label_A.mp4 ---
2025-10-13 06:05:11,692 - INFO - Successfully processed From.Dusk.Till.Dawn.1996__#00-31-52_00-34-21_label_A.mp4. Top Prediction: Normal
2025-10-13 06:05:11,692 - INFO - --- Processing: Fury.2014__#00-07-30_00-07-58_label_G-0-0.mp4 ---
2025-10-13 06:05:11,708 - INFO - Successfully processed Fury.2014__#00-07-30_00-07-58_label_G-0-0.mp4. Top Prediction: Fighting
2025-10-13 06:05:11,710 - INFO - --- Processing: Fury.2014__#00-39-36_00-40-44_label_B1-B2-0.mp4 ---
2025-10-13 06:05:11,726 - INFO - Successfully processed Fury.2014__#00-39-36_00-40-44_label_B1-B2-0.mp4. Top Prediction: Fighting
2025-10-13 06:05:11,726 - INFO - --- Processing: Fury.2014__#01-13-32_01-14-43_label_A.mp4 ---
2025-10-13 06:05:11,743 - INFO - Successfully processed Fury.2014__#01-13-32_01-14-43_label_A.mp4. Top Prediction: Explosion
2025-10-13 06:05:11,743 - INFO - --- Processing: Gladiator.2000__#01-10-27_01-11-59_label_B1-0-0.mp4 ---
2025-10-13 06:05:11,761 - INFO - Successfully processed Gladiator.2000__#01-10-27_01-11-59_label_B1-0-0.mp4. Top Prediction: Fighting
2025-10-13 06:05:11,762 - INFO - --- Processing: Gladiator.2000__#02-43-00_02-43-59_label_A.mp4 ---
2025-10-13 06:05:11,781 - INFO - Successfully processed Gladiator.2000__#02-43-00_02-43-59_label_A.mp4. Top Prediction: Normal
2025-10-13 06:05:11,781 - INFO - --- Processing: God.Bless.America.2011__#00-12-40_00-13-12_label_B2-0-0.mp4 ---
2025-10-13 06:05:11,799 - INFO - Successfully processed God.Bless.America.2011__#00-12-40_00-13-12_label_B2-0-0.mp4. Top Prediction: Fighting
2025-10-13 06:05:11,799 - INFO - --- Processing: God.Bless.America.2011__#00-38-25_00-39-37_label_B2-B5-0.mp4 ---
2025-10-13 06:05:11,814 - INFO - Successfully processed God.Bless.America.2011__#00-38-25_00-39-37_label_B2-B5-0.mp4. Top Prediction: Normal
2025-10-13 06:05:11,814 - INFO - --- Processing: God.Bless.America.2011__#00-51-00_00-52-00_label_A.mp4 ---
2025-10-13 06:05:11,831 - INFO - Successfully processed God.Bless.America.2011__#00-51-00_00-52-00_label_A.mp4. Top Prediction: Normal
2025-10-13 06:05:11,831 - INFO - --- Processing: God.Bless.America.2011__#00-58-09_01-04-00_label_A.mp4 ---
2025-10-13 06:05:11,847 - INFO - Successfully processed God.Bless.America.2011__#00-58-09_01-04-00_label_A.mp4. Top Prediction: Normal
2025-10-13 06:05:11,847 - INFO - --- Processing: God.Bless.America.2011__#01-23-13_01-25-31_label_A.mp4 ---
2025-10-13 06:05:11,865 - INFO - Successfully processed God.Bless.America.2011__#01-23-13_01-25-31_label_A.mp4. Top Prediction: Normal
2025-10-13 06:05:11,865 - INFO - --- Processing: God.Bless.America.2011__#01-32-00_01-32-50_label_B2-0-0.mp4 ---
2025-10-13 06:05:11,880 - INFO - Successfully processed God.Bless.America.2011__#01-32-00_01-32-50_label_B2-0-0.mp4. Top Prediction: Fighting
2025-10-13 06:05:11,880 - INFO - --- Processing: GoldenEye.1995__#00-10-00_00-10-40_label_G-0-0.mp4 ---
2025-10-13 06:05:11,906 - INFO - Successfully processed GoldenEye.1995__#00-10-00_00-10-40_label_G-0-0.mp4. Top Prediction: Normal
2025-10-13 06:05:11,906 - INFO - --- Processing: GoldenEye.1995__#00-24-53_00-25-06_label_B1-0-0.mp4 ---
2025-10-13 06:05:11,923 - INFO - Successfully processed GoldenEye.1995__#00-24-53_00-25-06_label_B1-0-0.mp4. Top Prediction: Fighting
2025-10-13 06:05:11,923 - INFO - --- Processing: GoldenEye.1995__#00-56-11_00-56-51_label_A.mp4 ---
2025-10-13 06:05:11,940 - INFO - Successfully processed GoldenEye.1995__#00-56-11_00-56-51_label_A.mp4. Top Prediction: Normal
2025-10-13 06:05:11,941 - INFO - --- Processing: GoldenEye.1995__#01-02-11_01-03-43_label_A.mp4 ---
2025-10-13 06:05:11,960 - INFO - Successfully processed GoldenEye.1995__#01-02-11_01-03-43_label_A.mp4. Top Prediction: Normal
2025-10-13 06:05:11,961 - INFO - --- Processing: GoldenEye.1995__#01-17-05_01-19-57_label_B2-B1-0.mp4 ---
2025-10-13 06:05:11,980 - INFO - Successfully processed GoldenEye.1995__#01-17-05_01-19-57_label_B2-B1-0.mp4. Top Prediction: Shooting
2025-10-13 06:05:11,981 - INFO - --- Processing: GoldenEye.1995__#01-33-40_01-34-30_label_A.mp4 ---
2025-10-13 06:05:11,998 - INFO - Successfully processed GoldenEye.1995__#01-33-40_01-34-30_label_A.mp4. Top Prediction: Normal
2025-10-13 06:05:11,998 - INFO - --- Processing: GoldenEye.1995__#02-02-15_02-02-47_label_B1-0-0.mp4 ---
2025-10-13 06:05:12,014 - INFO - Successfully processed GoldenEye.1995__#02-02-15_02-02-47_label_B1-0-0.mp4. Top Prediction: Explosion
2025-10-13 06:05:12,014 - INFO - --- Processing: GoldenEye.1995__#02-03-40_02-04-13_label_G-0-0.mp4 ---
2025-10-13 06:05:12,032 - INFO - Successfully processed GoldenEye.1995__#02-03-40_02-04-13_label_G-0-0.mp4. Top Prediction: Explosion
2025-10-13 06:05:12,032 - INFO - --- Processing: Good.Will.Hunting.1997__#00-08-55_00-10-50_label_A.mp4 ---
2025-10-13 06:05:12,055 - INFO - Successfully processed Good.Will.Hunting.1997__#00-08-55_00-10-50_label_A.mp4. Top Prediction: Riot
2025-10-13 06:05:12,055 - INFO - --- Processing: Good.Will.Hunting.1997__#00-58-18_01-02-30_label_A.mp4 ---
2025-10-13 06:05:12,065 - INFO - Successfully processed Good.Will.Hunting.1997__#00-58-18_01-02-30_label_A.mp4. Top Prediction: Normal
2025-10-13 06:05:12,072 - INFO - --- Processing: Haywire.2011__#00-02-06_00-03-29_label_A.mp4 ---
2025-10-13 06:05:42,116 - INFO - Successfully processed Haywire.2011__#00-02-06_00-03-29_label_A.mp4. Top Prediction: Explosion
2025-10-13 06:05:42,116 - INFO - --- Processing: Haywire.2011__#00-03-51_00-05-12_label_B1-B2-0.mp4 ---
2025-10-13 06:06:11,125 - INFO - Successfully processed Haywire.2011__#00-03-51_00-05-12_label_B1-B2-0.mp4. Top Prediction: Fighting
2025-10-13 06:06:11,125 - INFO - --- Processing: Haywire.2011__#00-16-07_00-16-49_label_B1-0-0.mp4 ---
2025-10-13 06:06:26,078 - INFO - Successfully processed Haywire.2011__#00-16-07_00-16-49_label_B1-0-0.mp4. Top Prediction: Fighting
2025-10-13 06:06:26,079 - INFO - --- Processing: Haywire.2011__#00-39-07_00-41-48_label_B1-B2-0.mp4 ---
2025-10-13 06:06:44,807 - INFO - 
--- Saving final results ---
2025-10-13 06:06:44,863 - INFO - 
--- Sample of Predictions ---
                                                filename prediction_1 confidence_1  prediction_2 confidence_2 prediction_3 confidence_3
0  A.Beautiful.Mind.2001__#00-25-20_00-29-20_label_A.mp4       Normal       90.95%  Car Accident        6.35%        Abuse        4.54%
1  A.Beautiful.Mind.2001__#00-40-52_00-42-01_label_A.mp4       Normal       32.23%      Fighting        1.65%    Explosion        1.24%
2  A.Beautiful.Mind.2001__#00-50-26_00-55-16_label_A.mp4       Normal       84.18%  Car Accident        1.57%     Fighting        1.38%
3  A.Beautiful.Mind.2001__#01-14-30_01-16-59_label_A.mp4       Normal       33.40%      Fighting        0.03%    Explosion        0.03%
4        About.Time.2013__#00-23-50_00-24-31_label_A.mp4       Normal       80.39%  Car Accident        0.80%     Shooting        0.27%
