2025-10-13 02:51:26,375 - INFO - Log file for this run: H:\Crime_Detection\crime_detection_model\logs\evaluate_log_20251013_025126.log
2025-10-13 02:51:26,375 - INFO - Starting evaluation on directory: H:\Crime_Detection\Testing\Videos
2025-10-13 02:51:26,393 - INFO - Randomly selecting 25 videos to evaluate from a total of 800.
2025-10-13 03:08:29,926 - INFO - 
======================================================================
                      MODEL EVALUATION REPORT
======================================================================

2025-10-13 03:08:29,937 - INFO - --- Overall Performance (Sample-Based Averages) ---
  - Subset Accuracy (Exact Match Ratio): 0.00%
  - Precision: 16.57%
  - Recall: 100.00%
  - F1-Score: 28.11%

2025-10-13 03:08:29,944 - INFO - --- Performance by Crime Category ---
              precision    recall  f1-score   support

      Normal       0.36      1.00      0.53         9
    Fighting       0.12      1.00      0.21         3
    Shooting       0.16      1.00      0.28         4
        Riot       0.12      1.00      0.21         3
       Abuse       0.00      0.00      0.00         0
Car Accident       0.20      1.00      0.33         5
   Explosion       0.20      1.00      0.33         5

   micro avg       0.17      1.00      0.28        29
   macro avg       0.17      0.86      0.27        29
weighted avg       0.23      1.00      0.36        29
 samples avg       0.17      1.00      0.28        29

