2025-10-13 22:14:34,175 - INFO - Log file for this run: H:\Crime_Detection\crime_detection_model\logs\evaluate_log_20251013_221434.log
2025-10-13 22:14:34,175 - INFO - Starting evaluation on directory: H:\Crime_Detection\Testing\Videos
2025-10-13 22:14:34,185 - INFO - Randomly selecting 200 videos to evaluate from a total of 800.
2025-10-13 22:35:03,787 - INFO - 
--- Process finished or interrupted. Processed 200 videos. ---
2025-10-13 22:35:03,790 - INFO - 
======================================================================
                      MODEL EVALUATION REPORT
======================================================================
2025-10-13 22:35:03,880 - INFO - 
--- Accuracy Metrics ---
  - Top-3 Partial Accuracy: 81.50%
    (Percentage of samples where any of the Top 3 predictions match a true crime)
  - Strict Accuracy (Top - 1st Exact Match): 53.50%
    (Percentage of samples where the #1 prediction perfectly matches all true labels)

2025-10-13 22:35:03,891 - INFO - ---

              precision    recall  f1-score   support

      Normal       0.76      0.67      0.71        79
    Fighting       0.38      0.78      0.51        27
    Shooting       0.85      0.32      0.47        34
        Riot       0.77      0.48      0.59        21
       Abuse       0.00      0.00      0.00         2
Car Accident       0.57      0.43      0.49        30
   Explosion       0.36      0.41      0.38        22

   micro avg       0.58      0.54      0.56       215
   macro avg       0.52      0.44      0.45       215
weighted avg       0.65      0.54      0.56       215
 samples avg       0.58      0.56      0.57       215

2025-10-13 22:35:05,218 - INFO - 
Evaluation summary plot saved to: H:\Crime_Detection\evaluation_summary.png
