2025-10-12 23:43:02,466 - INFO - Loading dataset...
2025-10-12 23:43:02,479 - INFO - Data loaded: 3358 training, 592 validation samples.
2025-10-12 23:43:08,696 - INFO - --- Starting Training on cuda ---
2025-10-12 23:44:32,529 - INFO - Epoch [01/50], Val Loss: 0.5961
2025-10-12 23:44:42,317 - INFO - Epoch [02/50], Val Loss: 0.5552
2025-10-12 23:44:52,266 - INFO - Epoch [03/50], Val Loss: 0.5037
2025-10-12 23:45:02,278 - INFO - Epoch [04/50], Val Loss: 0.4835
2025-10-12 23:45:12,463 - INFO - Epoch [05/50], Val Loss: 0.4471
2025-10-12 23:45:22,520 - INFO - Epoch [06/50], Val Loss: 0.4192
2025-10-12 23:45:32,559 - INFO - Epoch [07/50], Val Loss: 0.3976
2025-10-12 23:45:42,796 - INFO - Epoch [08/50], Val Loss: 0.3753
2025-10-12 23:45:52,618 - INFO - Epoch [09/50], Val Loss: 0.3541
2025-10-12 23:46:02,428 - INFO - Epoch [10/50], Val Loss: 0.3180
2025-10-12 23:46:12,364 - INFO - Epoch [11/50], Val Loss: 0.2925
2025-10-12 23:46:22,312 - INFO - Epoch [12/50], Val Loss: 0.2599
2025-10-12 23:46:32,441 - INFO - Epoch [13/50], Val Loss: 0.2267
2025-10-12 23:46:42,464 - INFO - Epoch [14/50], Val Loss: 0.2078
2025-10-12 23:46:52,433 - INFO - Epoch [15/50], Val Loss: 0.1947
2025-10-12 23:47:02,463 - INFO - Epoch [16/50], Val Loss: 0.1741
2025-10-12 23:47:12,450 - INFO - Epoch [17/50], Val Loss: 0.1572
2025-10-12 23:47:22,728 - INFO - Epoch [18/50], Val Loss: 0.1488
2025-10-12 23:47:33,063 - INFO - Epoch [19/50], Val Loss: 0.1419
2025-10-12 23:47:43,285 - INFO - Epoch [20/50], Val Loss: 0.1362
2025-10-12 23:47:53,572 - INFO - Epoch [21/50], Val Loss: 0.1334
2025-10-12 23:48:03,812 - INFO - Epoch [22/50], Val Loss: 0.1274
2025-10-12 23:48:13,898 - INFO - Epoch [23/50], Val Loss: 0.1226
2025-10-12 23:48:24,016 - INFO - Epoch [24/50], Val Loss: 0.1166
2025-10-12 23:48:33,821 - INFO - Epoch [25/50], Val Loss: 0.1173
2025-10-12 23:48:43,676 - INFO - Epoch [26/50], Val Loss: 0.1124
2025-10-12 23:48:53,646 - INFO - Epoch [27/50], Val Loss: 0.1091
2025-10-12 23:49:03,576 - INFO - Epoch [28/50], Val Loss: 0.1110
2025-10-12 23:49:13,583 - INFO - Epoch [29/50], Val Loss: 0.1097
2025-10-12 23:49:23,594 - INFO - Epoch [30/50], Val Loss: 0.1037
2025-10-12 23:49:33,421 - INFO - Epoch [31/50], Val Loss: 0.1047
2025-10-12 23:49:43,413 - INFO - Epoch [32/50], Val Loss: 0.1033
2025-10-12 23:49:53,364 - INFO - Epoch [33/50], Val Loss: 0.1091
2025-10-12 23:50:03,314 - INFO - Epoch [34/50], Val Loss: 0.1009
2025-10-12 23:50:13,371 - INFO - Epoch [35/50], Val Loss: 0.1008
2025-10-12 23:50:23,546 - INFO - Epoch [36/50], Val Loss: 0.1025
2025-10-12 23:50:33,527 - INFO - Epoch [37/50], Val Loss: 0.1017
2025-10-12 23:50:43,485 - INFO - Epoch [38/50], Val Loss: 0.1018
2025-10-12 23:50:53,291 - INFO - Epoch [39/50], Val Loss: 0.1024
2025-10-12 23:51:03,017 - INFO - Epoch [40/50], Val Loss: 0.1024
2025-10-12 23:51:12,833 - INFO - Epoch [41/50], Val Loss: 0.0939
2025-10-12 23:51:22,689 - INFO - Epoch [42/50], Val Loss: 0.0977
2025-10-12 23:51:32,518 - INFO - Epoch [43/50], Val Loss: 0.0957
2025-10-12 23:51:42,323 - INFO - Epoch [44/50], Val Loss: 0.1002
2025-10-12 23:51:52,067 - INFO - Epoch [45/50], Val Loss: 0.0989
2025-10-12 23:52:01,779 - INFO - Epoch [46/50], Val Loss: 0.0946
2025-10-12 23:52:11,582 - INFO - Epoch [47/50], Val Loss: 0.0966
2025-10-12 23:52:21,269 - INFO - Epoch [48/50], Val Loss: 0.0939
2025-10-12 23:52:31,082 - INFO - Epoch [49/50], Val Loss: 0.0992
2025-10-12 23:52:40,790 - INFO - Epoch [50/50], Val Loss: 0.0979
2025-10-12 23:52:40,797 - INFO - Saved Rank 1 model as best_model.pth (Val Loss: 0.0939)
2025-10-12 23:52:40,798 - INFO - Saved Rank 2 model as best_model_2.pth (Val Loss: 0.0939)
2025-10-12 23:52:40,798 - INFO - Saved Rank 3 model as best_model_3.pth (Val Loss: 0.0946)
2025-10-12 23:52:40,798 - INFO - --- Training Finished. Best models saved in H:\Crime_Detection\crime_detection_model\generated_models ---
